C51 COMPILER V9.00   MAIN                                                                  05/21/2015 14:38:30 PAGE 1   


C51 COMPILER V9.00, COMPILATION OF MODULE MAIN
OBJECT MODULE PLACED IN main.obj
COMPILER INVOKED BY: g:\Keil\C51\BIN\C51.EXE Source\main.c INCDIR(..\电机控制) PRINT(.\main.lst) OBJECT(main.obj)

line level    source

   1          /*
   2          版权声明：
   3          WIFI机器人网·机器人创意工作室版权所有 www.wifi-robots.com
   4          您可以任意修改本程序，并应用于自行研发的智能小车机器人及其他电子产品上，但是禁止用于商业牟利。
   5          By WIFI机器人网·机器人创意工作室
   6          */
   7          #include "stc_new_8051.h"
   8          #include "motor.h"
   9          #include "uart.h"
  10          #include <stdio.h>
  11          #include <string.h>
  12          #include "type.h"
  13          #include "timer.h"
  14          #include "SelfTest.h"
  15          #include "Soft_uart.h"
  16          
  17          INT8U xdata ReceivedData;
  18          #define DEBUG 1//是否开启打印开关
  19          
  20          void main(void)
  21          {
  22   1              
  23   1          #if DEBUG
  24   1          {
  25   2                      TestApp_Init();//初始化流水灯延时
  26   2          }
  27   1          #endif
  28   1      
  29   1          UART_init();//串口初始
  30   1              
  31   1      //  Timer0_Init();//舵机定时（或生成红外方波）
  32   1          Timer1_Init();//串口接收LED闪动
  33   1          Motor_Init();
  34   1      
  35   1          UART_send("UART_init OK", strlen("UART_init OK")); 
  36   1      
  37   1          initiate_soft_uart();//软串口初始（与舵机会产生干扰）
  38   1      //  UART_send("soft_UART_init OK", strlen("soft_UART_init OK"));
  39   1      
  40   1          while(1)
  41   1              {
  42   2                      Cruising_Mod();//模式功能执行子函数
  43   2              ReceivedData=rs_receive_byte();
  44   2              rs_send_byte(ReceivedData);
  45   2              }
  46   1      }


MODULE INFORMATION:   STATIC OVERLAYABLE
   CODE SIZE        =     51    ----
   CONSTANT SIZE    =     13    ----
   XDATA SIZE       =      1    ----
   PDATA SIZE       =   ----    ----
   DATA SIZE        =   ----    ----
   IDATA SIZE       =   ----    ----
C51 COMPILER V9.00   MAIN                                                                  05/21/2015 14:38:30 PAGE 2   

   BIT SIZE         =   ----    ----
END OF MODULE INFORMATION.


C51 COMPILATION COMPLETE.  0 WARNING(S),  0 ERROR(S)
